
Discarded input sections

 .comment       0x0000000000000000       0x46 build/exec_cpp.o
 .eh_frame      0x0000000000000000       0x30 build/exec_cpp.o
 .group         0x0000000000000000        0x8 build/kernel_cpp.o
 .comment       0x0000000000000000       0x46 build/kernel_cpp.o
 .eh_frame      0x0000000000000000       0xb0 build/kernel_cpp.o
 .comment       0x0000000000000000       0x46 build/printf_cpp.o
 .eh_frame      0x0000000000000000      0x190 build/printf_cpp.o
 .comment       0x0000000000000000       0x46 build/uart_cpp.o
 .eh_frame      0x0000000000000000       0xd8 build/uart_cpp.o

Memory Configuration

Name             Origin             Length             Attributes
*default*        0x0000000000000000 0xffffffffffffffff

Linker script and memory map

                0x0000000000080000                . = 0x80000

.text           0x0000000000080000     0x1d60
 *(.text.boot)
 .text.boot     0x0000000000080000      0x9b0 build/boot_S.o
                0x0000000000080108                wake_up_cores
 *(.text .text.* .gnu.linkonce.t*)
 .text          0x00000000000809b0        0x0 build/boot_S.o
 .text          0x00000000000809b0       0x10 build/mm_S.o
                0x00000000000809b0                memzero
 .text          0x00000000000809c0       0x34 build/utils_S.o
                0x00000000000809c0                put32
                0x00000000000809c8                get32
                0x00000000000809d0                delay
                0x00000000000809dc                getCoreID
                0x00000000000809e8                get_el
 .text          0x00000000000809f4       0x80 build/exec_cpp.o
                0x00000000000809f4                exc_handler
 .text          0x0000000000080a74       0xf4 build/kernel_cpp.o
                0x0000000000080a74                pickKernelStack
                0x0000000000080abc                secondary_kernel_init
                0x0000000000080ad4                primary_kernel_init
                0x0000000000080b2c                kernel_init()
 .text._ZN6PerCPUI5StackE6forCPUEi
                0x0000000000080b68       0x24 build/kernel_cpp.o
                0x0000000000080b68                PerCPU<Stack>::forCPU(int)
 .text          0x0000000000080b8c      0xf3c build/printf_cpp.o
                0x00000000000810f0                tfp_format(void*, void (*)(void*, char), char const*, std::__va_list)
                0x0000000000081814                init_printf(void*, void (*)(void*, char))
                0x000000000008184c                tfp_printf(char const*, ...)
                0x0000000000081940                tfp_sprintf(char*, char*, ...)
                0x00000000000819f8                panic(char*, ...)
 .text          0x0000000000081ac8      0x298 build/uart_cpp.o
                0x0000000000081ac8                uart_init()
                0x0000000000081bbc                uart_getc()
                0x0000000000081c08                uart_putc(char)
                0x0000000000081c60                uart_puts(char const*)
                0x0000000000081ca4                uart_hex(unsigned int)
                0x0000000000081d28                uart_putc_wrapper(void*, char)

.iplt           0x0000000000081d60        0x0
 .iplt          0x0000000000081d60        0x0 build/boot_S.o

.rodata         0x0000000000081d60       0xfa
 *(.rodata .rodata.* .gnu.linkonce.r*)
 .rodata        0x0000000000081d60       0x80 build/exec_cpp.o
 .rodata        0x0000000000081de0       0x53 build/kernel_cpp.o
 *fill*         0x0000000000081e33        0x5 
 .rodata        0x0000000000081e38       0x22 build/printf_cpp.o
                [!provide]                        PROVIDE (_data = .)

.rela.dyn       0x0000000000081e60        0x0
 .rela.iplt     0x0000000000081e60        0x0 build/boot_S.o
 .rela.text.boot
                0x0000000000081e60        0x0 build/boot_S.o

.data           0x0000000000081e5a        0x0
 *(.data .data.* .gnu.linkonce.d*)
 .data          0x0000000000081e5a        0x0 build/boot_S.o
 .data          0x0000000000081e5a        0x0 build/mm_S.o
 .data          0x0000000000081e5a        0x0 build/utils_S.o
 .data          0x0000000000081e5a        0x0 build/exec_cpp.o
 .data          0x0000000000081e5a        0x0 build/kernel_cpp.o
 .data          0x0000000000081e5a        0x0 build/printf_cpp.o
 .data          0x0000000000081e5a        0x0 build/uart_cpp.o

.igot.plt       0x0000000000081e60        0x0
 .igot.plt      0x0000000000081e60        0x0 build/boot_S.o

.bss            0x0000000000081e60    0x20018
                0x0000000000081e60                . = ALIGN (0x10)
                0x0000000000081e60                __bss_start = .
 *(.bss .bss.*)
 .bss           0x0000000000081e60        0x0 build/boot_S.o
 .bss           0x0000000000081e60        0x0 build/mm_S.o
 .bss           0x0000000000081e60        0x0 build/utils_S.o
 .bss           0x0000000000081e60        0x0 build/exec_cpp.o
 .bss           0x0000000000081e60    0x20001 build/kernel_cpp.o
                0x0000000000081e60                stacks
 *fill*         0x00000000000a1e61        0x7 
 .bss           0x00000000000a1e68       0x10 build/printf_cpp.o
 .bss           0x00000000000a1e78        0x0 build/uart_cpp.o
 *(COMMON)
                0x00000000000a1e78                __bss_end = .
                0x00000000000a1e78                _end = .

/DISCARD/
 *(.comment)
 *(.gnu*)
 *(.note*)
 *(.eh_frame*)
                0x0000000000004003                __bss_size = ((__bss_end - __bss_start) >> 0x3)
LOAD build/boot_S.o
LOAD build/mm_S.o
LOAD build/utils_S.o
LOAD build/exec_cpp.o
LOAD build/kernel_cpp.o
LOAD build/printf_cpp.o
LOAD build/uart_cpp.o
OUTPUT(build/kernel.elf elf64-littleaarch64)
LOAD linker stubs

.debug_info     0x0000000000000000      0xb86
 .debug_info    0x0000000000000000       0xf7 build/exec_cpp.o
 .debug_info    0x00000000000000f7      0x2c6 build/kernel_cpp.o
 .debug_info    0x00000000000003bd      0x603 build/printf_cpp.o
 .debug_info    0x00000000000009c0      0x1c6 build/uart_cpp.o

.debug_abbrev   0x0000000000000000      0x559
 .debug_abbrev  0x0000000000000000       0x9a build/exec_cpp.o
 .debug_abbrev  0x000000000000009a      0x20c build/kernel_cpp.o
 .debug_abbrev  0x00000000000002a6      0x1b3 build/printf_cpp.o
 .debug_abbrev  0x0000000000000459      0x100 build/uart_cpp.o

.debug_aranges  0x0000000000000000       0xd0
 .debug_aranges
                0x0000000000000000       0x30 build/exec_cpp.o
 .debug_aranges
                0x0000000000000030       0x40 build/kernel_cpp.o
 .debug_aranges
                0x0000000000000070       0x30 build/printf_cpp.o
 .debug_aranges
                0x00000000000000a0       0x30 build/uart_cpp.o

.debug_line     0x0000000000000000      0x5e6
 .debug_line    0x0000000000000000       0x63 build/exec_cpp.o
 .debug_line    0x0000000000000063       0xe8 build/kernel_cpp.o
 .debug_line    0x000000000000014b      0x38e build/printf_cpp.o
 .debug_line    0x00000000000004d9      0x10d build/uart_cpp.o

.debug_str      0x0000000000000000      0x3fa
 .debug_str     0x0000000000000000      0x3fa build/exec_cpp.o
                                        0x143 (size before relaxing)
 .debug_str     0x00000000000003fa      0x2c3 build/kernel_cpp.o
 .debug_str     0x00000000000003fa      0x248 build/printf_cpp.o
 .debug_str     0x00000000000003fa      0x171 build/uart_cpp.o

.debug_line_str
                0x0000000000000000       0xdf
 .debug_line_str
                0x0000000000000000       0xdf build/exec_cpp.o
                                         0x96 (size before relaxing)
 .debug_line_str
                0x00000000000000df       0xc4 build/kernel_cpp.o
 .debug_line_str
                0x00000000000000df       0xcc build/printf_cpp.o
 .debug_line_str
                0x00000000000000df       0x95 build/uart_cpp.o

.debug_rnglists
                0x0000000000000000       0x22
 .debug_rnglists
                0x0000000000000000       0x22 build/kernel_cpp.o
