
Discarded input sections

 .comment       0x0000000000000000       0x46 build/exec_cpp.o
 .eh_frame      0x0000000000000000       0x28 build/exec_cpp.o
 .group         0x0000000000000000        0x8 build/kernel_cpp.o
 .comment       0x0000000000000000       0x46 build/kernel_cpp.o
 .eh_frame      0x0000000000000000       0xa0 build/kernel_cpp.o

Memory Configuration

Name             Origin             Length             Attributes
*default*        0x0000000000000000 0xffffffffffffffff

Linker script and memory map

                0x0000000000080000                . = 0x80000

.text           0x0000000000080000      0xacc
 *(.text.boot)
 .text.boot     0x0000000000080000      0x9b0 build/boot_S.o
                0x0000000000080108                wake_up_cores
 *(.text .text.* .gnu.linkonce.t*)
 .text          0x00000000000809b0        0x0 build/boot_S.o
 .text          0x00000000000809b0       0x10 build/mm_S.o
                0x00000000000809b0                memzero
 .text          0x00000000000809c0       0x34 build/utils_S.o
                0x00000000000809c0                put32
                0x00000000000809c8                get32
                0x00000000000809d0                delay
                0x00000000000809dc                getCoreID
                0x00000000000809e8                get_el
 .text          0x00000000000809f4       0x20 build/exec_cpp.o
                0x00000000000809f4                exc_handler
 .text          0x0000000000080a14       0x94 build/kernel_cpp.o
                0x0000000000080a14                pickKernelStack
                0x0000000000080a5c                secondary_kernel_init
                0x0000000000080a74                primary_kernel_init
                0x0000000000080aa0                kernel_init()
 .text._ZN6PerCPUI5StackE6forCPUEi
                0x0000000000080aa8       0x24 build/kernel_cpp.o
                0x0000000000080aa8                PerCPU<Stack>::forCPU(int)

.iplt           0x0000000000080acc        0x0
 .iplt          0x0000000000080acc        0x0 build/boot_S.o

.rela.dyn       0x0000000000080ad0        0x0
 .rela.iplt     0x0000000000080ad0        0x0 build/boot_S.o
 .rela.text.boot
                0x0000000000080ad0        0x0 build/boot_S.o

.rodata
 *(.rodata .rodata.* .gnu.linkonce.r*)
                [!provide]                        PROVIDE (_data = .)

.data           0x0000000000080acc        0x0
 *(.data .data.* .gnu.linkonce.d*)
 .data          0x0000000000080acc        0x0 build/boot_S.o
 .data          0x0000000000080acc        0x0 build/mm_S.o
 .data          0x0000000000080acc        0x0 build/utils_S.o
 .data          0x0000000000080acc        0x0 build/exec_cpp.o
 .data          0x0000000000080acc        0x0 build/kernel_cpp.o

.igot.plt       0x0000000000080ad0        0x0
 .igot.plt      0x0000000000080ad0        0x0 build/boot_S.o

.bss            0x0000000000080ad0    0x20001
                0x0000000000080ad0                . = ALIGN (0x10)
                0x0000000000080ad0                __bss_start = .
 *(.bss .bss.*)
 .bss           0x0000000000080ad0        0x0 build/boot_S.o
 .bss           0x0000000000080ad0        0x0 build/mm_S.o
 .bss           0x0000000000080ad0        0x0 build/utils_S.o
 .bss           0x0000000000080ad0        0x0 build/exec_cpp.o
 .bss           0x0000000000080ad0    0x20001 build/kernel_cpp.o
                0x0000000000080ad0                stacks
 *(COMMON)
                0x00000000000a0ad1                __bss_end = .
                0x00000000000a0ad1                _end = .

/DISCARD/
 *(.comment)
 *(.gnu*)
 *(.note*)
 *(.eh_frame*)
                0x0000000000004000                __bss_size = ((__bss_end - __bss_start) >> 0x3)
LOAD build/boot_S.o
LOAD build/mm_S.o
LOAD build/utils_S.o
LOAD build/exec_cpp.o
LOAD build/kernel_cpp.o
OUTPUT(build/kernel.elf elf64-littleaarch64)
LOAD linker stubs

.debug_info     0x0000000000000000      0x2fa
 .debug_info    0x0000000000000000       0xce build/exec_cpp.o
 .debug_info    0x00000000000000ce      0x22c build/kernel_cpp.o

.debug_abbrev   0x0000000000000000      0x236
 .debug_abbrev  0x0000000000000000       0x69 build/exec_cpp.o
 .debug_abbrev  0x0000000000000069      0x1cd build/kernel_cpp.o

.debug_aranges  0x0000000000000000       0x70
 .debug_aranges
                0x0000000000000000       0x30 build/exec_cpp.o
 .debug_aranges
                0x0000000000000030       0x40 build/kernel_cpp.o

.debug_line     0x0000000000000000      0x116
 .debug_line    0x0000000000000000       0x54 build/exec_cpp.o
 .debug_line    0x0000000000000054       0xc2 build/kernel_cpp.o

.debug_str      0x0000000000000000      0x1f0
 .debug_str     0x0000000000000000      0x1f0 build/exec_cpp.o
                                        0x120 (size before relaxing)
 .debug_str     0x00000000000001f0      0x217 build/kernel_cpp.o

.debug_line_str
                0x0000000000000000       0x8c
 .debug_line_str
                0x0000000000000000       0x8c build/exec_cpp.o
                                         0xa9 (size before relaxing)
 .debug_line_str
                0x000000000000008c       0xd8 build/kernel_cpp.o

.debug_rnglists
                0x0000000000000000       0x22
 .debug_rnglists
                0x0000000000000000       0x22 build/kernel_cpp.o
